[2026-04-21 15:51:13] === PIPELINE START 21-Apr-2026 15:51:13 ===
[2026-04-21 15:51:13] pipeline_name    : aperiodic_pipeline
[2026-04-21 15:51:13] step_prefix      : eeg
[2026-04-21 15:51:13] root_dir         : Z:\pb\KPP_KPN_joined\Aperiodic\EEG_Preprocessing_Pipeline\Common_EEG_Preprocessing_Pipeline_MATLAB
[2026-04-21 15:51:13] steps_dir        : Z:\pb\KPP_KPN_joined\Aperiodic\EEG_Preprocessing_Pipeline\Common_EEG_Preprocessing_Pipeline_MATLAB\steps
[2026-04-21 15:51:13] env_mode         : server
[2026-04-21 15:51:13] machine_kind     : server_windows
[2026-04-21 15:51:13] hostname         : VDI-W-SRD118
[2026-04-21 15:51:13] is_slurm         : 0 | SLURM_JOB_ID= | SLURM_CLUSTER_NAME=
[2026-04-21 15:51:13] profile          : server_windows
[2026-04-21 15:51:13] source_eeg_root  : 
[2026-04-21 15:51:13] source_beh_root  : 
[2026-04-21 15:51:13] bids_root        : Z:\pb\KPP_KPN_joined\Aperiodic\Saskia\sourcedata
[2026-04-21 15:51:13] derivatives_root : Z:\pb\KPP_KPN_joined\Aperiodic\Saskia\derivatives
[2026-04-21 15:51:13] task_label       : baseline
[2026-04-21 15:51:13] session_label    : 01
[2026-04-21 15:51:13] overwrite_mode   : delete
[2026-04-21 15:51:13] overwrite_date   : 
[2026-04-21 15:51:13] step05 iclabel: eye=0.80 mus=0.80 heart=0.80 line=0.80 ch=0.80 other=0.95 brain_min=0.05 edge=0.10
[2026-04-21 15:51:13] step06: ref=avg | epoch=[-0.400 2.600] s | hard_thresh_apply=1 | hard_thresh=100.0 uV | baseline_apply=0 | baseline=[-200 0] ms | faster_z=3.00 | robust=1
[2026-04-21 15:51:14] Toolboxes initialized (master).
[2026-04-21 15:51:14] Found 2 subject(s).
[2026-04-21 15:51:17] Resolved worker count=4 (machine_kind=server_windows, profile=server_windows)
[2026-04-21 15:51:17] Parallel requested (4 workers).
[2026-04-21 15:51:17] WARNING: Parallel license unavailable. Falling back to serial. (Unable to check out a license for the Parallel Computing Toolbox.
MathWorks Licensing Error 4

A licensing error occurred while trying to use Parallel Computing Toolbox.
Maximum number of simultaneous users for this product reached.

For help with this issue, see this support article: 
https://www.mathworks.com/support/lme/4

Details for Support
Feature: Distrib_Computing_Toolbox
License: C:\Users\bbf7366\AppData\Roaming\MathWorks\MATLAB\R2025b_licenses;C:\Program Files\matlab\R2025b\licenses\license.dat;C:\Program Files\matlab\R2025b\licenses\network.lic
Error Code: -4.2)
[2026-04-21 15:51:17] Preplan sub-002 | 01=0 | 02=0 | 03=1 | 04=1 | 05=1 | 06=1
[2026-04-21 15:51:17] Preplan sub-003 | 01=0 | 02=0 | 03=1 | 04=1 | 05=1 | 06=1
[2026-04-21 15:51:18] Planning complete: 2/2 subject(s) require work.
[2026-04-21 16:36:53] === PIPELINE END 21-Apr-2026 16:36:53 ===
[2026-04-21 16:37:15] Completed: 0 ok | 2 failed
[2026-04-21 16:37:28] Failed subjects:
[2026-04-21 16:37:40]   sub-002 | prep_06_epoching failed for sub-002: prep_06_epoching: pop_epoch(): empty epoch range (no epochs were found). | log=Z:\pb\KPP_KPN_joined\Aperiodic\EEG_Preprocessing_Pipeline\Common_EEG_Preprocessing_Pipeline_MATLAB\logs\runlog_pipeline\sub-002_20260421_155118_057_ERR.log
[2026-04-21 16:37:52]   sub-003 | prep_06_epoching failed for sub-003: prep_06_epoching: pop_epoch(): empty epoch range (no epochs were found). | log=Z:\pb\KPP_KPN_joined\Aperiodic\EEG_Preprocessing_Pipeline\Common_EEG_Preprocessing_Pipeline_MATLAB\logs\runlog_pipeline\sub-003_20260421_160241_039_ERR.log
