[2026-04-21 15:44:28] --- START sub-001 ---
[2026-04-21 15:44:30] EEGLAB initialized.
[2026-04-21 15:44:30] BIDS context: session=01 | task=baseline | bids_ses_dir=Z:\pb\KPP_KPN_joined\Aperiodic\Saskia\sourcedata\sub-001\ses-01
[2026-04-21 15:44:30] Step 01: BIDS formatting -> skipped by preplan (step disabled)
[2026-04-21 15:44:30] Step 02: triggerfix -> skipped by preplan (step disabled)
[2026-04-21 15:44:30] Clearing step folder before rerun: Z:\pb\KPP_KPN_joined\Aperiodic\Saskia\derivatives\02_until_ica\sub-001
[2026-04-21 15:44:30] Step 03: until ICA
[2026-04-21 15:44:30] prep_03_until_ica: BIDS fallback: using vhdr=Z:\pb\KPP_KPN_joined\Aperiodic\Saskia\sourcedata\sub-001\ses-01\eeg\sub-001_ses-01_task-classical_eeg.vhdr
[2026-04-21 15:44:30] prep03_untilica: START sub-001 | sub-001_ses-01_task-classical_eeg | input_source=bids_vhdr | input=Z:\pb\KPP_KPN_joined\Aperiodic\Saskia\sourcedata\sub-001\ses-01\eeg\sub-001_ses-01_task-classical_eeg.vhdr
[2026-04-21 15:44:32] Loaded BrainVision: Z:\pb\KPP_KPN_joined\Aperiodic\Saskia\sourcedata\sub-001\ses-01\eeg\sub-001_ses-01_task-classical_eeg.vhdr
[2026-04-21 15:44:39] prep03_untilica: AFTER interpolation channel counts EEG=59 | EOG=4 | AUX=3
[2026-04-21 15:44:47] Saved set: Z:\pb\KPP_KPN_joined\Aperiodic\Saskia\derivatives\02_until_ica\sub-001\sub-001_ses-01_task-classical_eeg_preica.set
[2026-04-21 15:44:47] prep03_untilica: saved preica: Z:\pb\KPP_KPN_joined\Aperiodic\Saskia\derivatives\02_until_ica\sub-001\sub-001_ses-01_task-classical_eeg_preica.set
[2026-04-21 15:44:49] prep03_untilica: sub-001 | ICA shared rejection 0/441 epochs rejected
[2026-04-21 15:44:49] Saved set: Z:\pb\KPP_KPN_joined\Aperiodic\Saskia\derivatives\03_for_ica\sub-001\sub-001_ses-01_task-classical_eeg_forica.set
[2026-04-21 15:44:49] prep03_untilica: saved forica: Z:\pb\KPP_KPN_joined\Aperiodic\Saskia\derivatives\03_for_ica\sub-001\sub-001_ses-01_task-classical_eeg_forica.set
[2026-04-21 15:44:49] prep03_untilica: DONE sub-001 | sub-001_ses-01_task-classical_eeg
[2026-04-21 15:44:49] Step 03: until ICA runtime: 0.33 min
[2026-04-21 15:44:49] Clearing step folder before rerun: Z:\pb\KPP_KPN_joined\Aperiodic\Saskia\derivatives\04_after_ica_amica\sub-001
[2026-04-21 15:44:50] Step 04: ICA
[2026-04-21 15:44:50] prep04_ica: sub-001 | sub-001_ses-01_task-classical_eeg | no outputs present
[2026-04-21 15:44:51] Loaded set: Z:\pb\KPP_KPN_joined\Aperiodic\Saskia\derivatives\03_for_ica\sub-001\sub-001_ses-01_task-classical_eeg_forica.set
[2026-04-21 15:44:51] Loaded set: Z:\pb\KPP_KPN_joined\Aperiodic\Saskia\derivatives\02_until_ica\sub-001\sub-001_ses-01_task-classical_eeg_preica.set
[2026-04-21 15:44:51] prep04_ica: sub-001 | sub-001_ses-01_task-classical_eeg | rank-safe PCA: nbchan=66 rank(forica)=64 interpolated_count(preica)=10 => pca_rank=64
[2026-04-21 15:44:51] prep04_ica: sub-001 | sub-001_ses-01_task-classical_eeg | AMICA tmp dir: C:\Users\bbf7366\AppData\Local\Temp\amica_tmp_sub-001_sub-001_ses-01_task-classical_eeg_tpdabed7e9_ebf5_4813_a585_555af6343d78
