[2026-04-21 15:51:18] --- START sub-002 ---
[2026-04-21 15:51:20] EEGLAB initialized.
[2026-04-21 15:51:20] BIDS context: session=01 | task=baseline | bids_ses_dir=Z:\pb\KPP_KPN_joined\Aperiodic\Saskia\sourcedata\sub-002\ses-01
[2026-04-21 15:51:20] Step 01: BIDS formatting -> skipped by preplan (step disabled)
[2026-04-21 15:51:20] Step 02: triggerfix -> skipped by preplan (step disabled)
[2026-04-21 15:51:20] Clearing step folder before rerun: Z:\pb\KPP_KPN_joined\Aperiodic\Saskia\derivatives\02_until_ica\sub-002
[2026-04-21 15:51:20] Clearing step folder before rerun: Z:\pb\KPP_KPN_joined\Aperiodic\Saskia\derivatives\03_for_ica\sub-002
[2026-04-21 15:51:20] Step 03: until ICA
[2026-04-21 15:51:20] prep_03_until_ica: BIDS fallback: using vhdr=Z:\pb\KPP_KPN_joined\Aperiodic\Saskia\sourcedata\sub-002\ses-01\eeg\sub-002_ses-01_task-classical_eeg.vhdr
[2026-04-21 15:51:20] prep03_untilica: START sub-002 | sub-002_ses-01_task-classical_eeg | input_source=bids_vhdr | input=Z:\pb\KPP_KPN_joined\Aperiodic\Saskia\sourcedata\sub-002\ses-01\eeg\sub-002_ses-01_task-classical_eeg.vhdr
[2026-04-21 15:51:22] Loaded BrainVision: Z:\pb\KPP_KPN_joined\Aperiodic\Saskia\sourcedata\sub-002\ses-01\eeg\sub-002_ses-01_task-classical_eeg.vhdr
[2026-04-21 15:51:34] prep03_untilica: AFTER interpolation channel counts EEG=59 | EOG=4 | AUX=3
[2026-04-21 15:51:54] Saved set: Z:\pb\KPP_KPN_joined\Aperiodic\Saskia\derivatives\02_until_ica\sub-002\sub-002_ses-01_task-classical_eeg_preica.set
[2026-04-21 15:51:54] prep03_untilica: saved preica: Z:\pb\KPP_KPN_joined\Aperiodic\Saskia\derivatives\02_until_ica\sub-002\sub-002_ses-01_task-classical_eeg_preica.set
[2026-04-21 15:51:57] prep03_untilica: sub-002 | ICA shared rejection 0/147 epochs rejected
[2026-04-21 15:51:57] Saved set: Z:\pb\KPP_KPN_joined\Aperiodic\Saskia\derivatives\03_for_ica\sub-002\sub-002_ses-01_task-classical_eeg_forica.set
[2026-04-21 15:51:57] prep03_untilica: saved forica: Z:\pb\KPP_KPN_joined\Aperiodic\Saskia\derivatives\03_for_ica\sub-002\sub-002_ses-01_task-classical_eeg_forica.set
[2026-04-21 15:51:57] prep03_untilica: DONE sub-002 | sub-002_ses-01_task-classical_eeg
[2026-04-21 15:51:57] Step 03: until ICA runtime: 0.62 min
[2026-04-21 15:51:57] Clearing step folder before rerun: Z:\pb\KPP_KPN_joined\Aperiodic\Saskia\derivatives\04_after_ica_amica\sub-002
[2026-04-21 15:51:57] Step 04: ICA
[2026-04-21 15:51:58] prep04_ica: sub-002 | sub-002_ses-01_task-classical_eeg | no outputs present
[2026-04-21 15:51:58] Loaded set: Z:\pb\KPP_KPN_joined\Aperiodic\Saskia\derivatives\03_for_ica\sub-002\sub-002_ses-01_task-classical_eeg_forica.set
[2026-04-21 15:51:58] Loaded set: Z:\pb\KPP_KPN_joined\Aperiodic\Saskia\derivatives\02_until_ica\sub-002\sub-002_ses-01_task-classical_eeg_preica.set
[2026-04-21 15:51:58] prep04_ica: sub-002 | sub-002_ses-01_task-classical_eeg | rank-safe PCA: nbchan=66 rank(forica)=64 interpolated_count(preica)=11 => pca_rank=64
[2026-04-21 15:51:59] prep04_ica: sub-002 | sub-002_ses-01_task-classical_eeg | AMICA tmp dir: C:\Users\bbf7366\AppData\Local\Temp\amica_tmp_sub-002_sub-002_ses-01_task-classical_eeg_tp3c01573d_7352_4d95_aadc_058ff2c053c5
[2026-04-21 16:01:38] prep04_ica: sub-002 | sub-002_ses-01_task-classical_eeg | deleted AMICA tmp dir: C:\Users\bbf7366\AppData\Local\Temp\amica_tmp_sub-002_sub-002_ses-01_task-classical_eeg_tp3c01573d_7352_4d95_aadc_058ff2c053c5
[2026-04-21 16:01:38] Saved set: Z:\pb\KPP_KPN_joined\Aperiodic\Saskia\derivatives\04_after_ica_amica\sub-002\sub-002_ses-01_task-classical_eeg_ica_applied.set
[2026-04-21 16:01:38] prep04_ica: saved: Z:\pb\KPP_KPN_joined\Aperiodic\Saskia\derivatives\04_after_ica_amica\sub-002\sub-002_ses-01_task-classical_eeg_ica_applied.set
[2026-04-21 16:01:38] Step 04: ICA runtime: 9.68 min
[2026-04-21 16:01:38] Clearing step folder before rerun: Z:\pb\KPP_KPN_joined\Aperiodic\Saskia\derivatives\05_until_epoching_amica\sub-002
[2026-04-21 16:01:38] Step 05: IC rejection (ICLabel)
[2026-04-21 16:01:38] prep05_after_ica: sub-002 | sub-002_ses-01_task-classical_eeg | no outputs present
[2026-04-21 16:01:39] Loaded set: Z:\pb\KPP_KPN_joined\Aperiodic\Saskia\derivatives\04_after_ica_amica\sub-002\sub-002_ses-01_task-classical_eeg_ica_applied.set
[2026-04-21 16:01:44] prep05_after_ica: sub-002 | sub-002_ses-01_task-classical_eeg | method=amica | nIC=64 | remove=14 | edge=15
[2026-04-21 16:02:38] prep05_after_ica: sub-002 | sub-002_ses-01_task-classical_eeg | ICA dims before subcomp: nbchan=66, icachansind=66, icaweights=[64 64], icawinv=[66 64]
[2026-04-21 16:02:39] Saved set: Z:\pb\KPP_KPN_joined\Aperiodic\Saskia\derivatives\05_until_epoching_amica\sub-002\sub-002_ses-01_task-classical_eeg_until_epoching.set
[2026-04-21 16:02:39] prep05_after_ica: saved: Z:\pb\KPP_KPN_joined\Aperiodic\Saskia\derivatives\05_until_epoching_amica\sub-002\sub-002_ses-01_task-classical_eeg_until_epoching.set
[2026-04-21 16:02:39] Step 05: IC rejection (ICLabel) runtime: 1.02 min
[2026-04-21 16:02:39] Clearing step folder before rerun: Z:\pb\KPP_KPN_joined\Aperiodic\Saskia\derivatives\06_epoched_amica\sub-002
[2026-04-21 16:02:40] Step 06: epoching + final rejection
[2026-04-21 16:02:40] Loaded set: Z:\pb\KPP_KPN_joined\Aperiodic\Saskia\derivatives\05_until_epoching_amica\sub-002\sub-002_ses-01_task-classical_eeg_until_epoching.set
[2026-04-21 16:02:40] prep_06_epoching: sub-002 | sub-002_ses-01_task-classical_eeg | no outputs present
[2026-04-21 16:02:40] Step 06: epoching + final rejection runtime: 0.01 min
[2026-04-21 16:02:40] ERROR: prep_06_epoching failed for sub-002: prep_06_epoching: pop_epoch(): empty epoch range (no epochs were found).
[2026-04-21 16:02:40] Error using eeg_pipeline_helpers>run_step_with_logging_impl (line 937)
prep_06_epoching failed for sub-002: prep_06_epoching: pop_epoch(): empty epoch range (no epochs were found).

Error in eeg_pipeline_helpers>run_one_subject_impl (line 894)
    run_step_with_logging_impl( ...
    ^^^^^^^^^^^^^^^^^^^^^^^^^^^^^^^
Error in run_eeg_pipeline (line 360)
        status(i) = helpers.run_one_subject(subject_plans(i), cfg);
                    ^^^^^^^^^^^^^^^^^^^^^^^^^^^^^^^^^^^^^^^^^^^^^^
