[2026-04-21 16:02:41] --- START sub-003 ---
[2026-04-21 16:02:42] EEGLAB initialized.
[2026-04-21 16:02:42] BIDS context: session=01 | task=baseline | bids_ses_dir=Z:\pb\KPP_KPN_joined\Aperiodic\Saskia\sourcedata\sub-003\ses-01
[2026-04-21 16:02:42] Step 01: BIDS formatting -> skipped by preplan (step disabled)
[2026-04-21 16:02:42] Step 02: triggerfix -> skipped by preplan (step disabled)
[2026-04-21 16:02:42] Clearing step folder before rerun: Z:\pb\KPP_KPN_joined\Aperiodic\Saskia\derivatives\02_until_ica\sub-003
[2026-04-21 16:02:42] Clearing step folder before rerun: Z:\pb\KPP_KPN_joined\Aperiodic\Saskia\derivatives\03_for_ica\sub-003
[2026-04-21 16:02:42] Step 03: until ICA
[2026-04-21 16:02:42] prep_03_until_ica: BIDS fallback: using vhdr=Z:\pb\KPP_KPN_joined\Aperiodic\Saskia\sourcedata\sub-003\ses-01\eeg\sub-003_ses-01_task-classical_eeg.vhdr
[2026-04-21 16:02:42] prep03_untilica: START sub-003 | sub-003_ses-01_task-classical_eeg | input_source=bids_vhdr | input=Z:\pb\KPP_KPN_joined\Aperiodic\Saskia\sourcedata\sub-003\ses-01\eeg\sub-003_ses-01_task-classical_eeg.vhdr
[2026-04-21 16:02:44] Loaded BrainVision: Z:\pb\KPP_KPN_joined\Aperiodic\Saskia\sourcedata\sub-003\ses-01\eeg\sub-003_ses-01_task-classical_eeg.vhdr
[2026-04-21 16:02:44] prep03_untilica: sub-003 | removing dead/invalid AUX channels permanently: Startle
[2026-04-21 16:02:49] prep03_untilica: AFTER interpolation channel counts EEG=59 | EOG=4 | AUX=2
[2026-04-21 16:03:08] Saved set: Z:\pb\KPP_KPN_joined\Aperiodic\Saskia\derivatives\02_until_ica\sub-003\sub-003_ses-01_task-classical_eeg_preica.set
[2026-04-21 16:03:08] prep03_untilica: saved preica: Z:\pb\KPP_KPN_joined\Aperiodic\Saskia\derivatives\02_until_ica\sub-003\sub-003_ses-01_task-classical_eeg_preica.set
[2026-04-21 16:03:10] prep03_untilica: sub-003 | ICA shared rejection 0/447 epochs rejected
[2026-04-21 16:03:11] Saved set: Z:\pb\KPP_KPN_joined\Aperiodic\Saskia\derivatives\03_for_ica\sub-003\sub-003_ses-01_task-classical_eeg_forica.set
[2026-04-21 16:03:11] prep03_untilica: saved forica: Z:\pb\KPP_KPN_joined\Aperiodic\Saskia\derivatives\03_for_ica\sub-003\sub-003_ses-01_task-classical_eeg_forica.set
[2026-04-21 16:03:11] prep03_untilica: DONE sub-003 | sub-003_ses-01_task-classical_eeg
[2026-04-21 16:03:11] Step 03: until ICA runtime: 0.47 min
[2026-04-21 16:03:11] Clearing step folder before rerun: Z:\pb\KPP_KPN_joined\Aperiodic\Saskia\derivatives\04_after_ica_amica\sub-003
[2026-04-21 16:03:11] Step 04: ICA
[2026-04-21 16:03:11] prep04_ica: sub-003 | sub-003_ses-01_task-classical_eeg | no outputs present
[2026-04-21 16:03:11] Loaded set: Z:\pb\KPP_KPN_joined\Aperiodic\Saskia\derivatives\03_for_ica\sub-003\sub-003_ses-01_task-classical_eeg_forica.set
[2026-04-21 16:03:12] Loaded set: Z:\pb\KPP_KPN_joined\Aperiodic\Saskia\derivatives\02_until_ica\sub-003\sub-003_ses-01_task-classical_eeg_preica.set
[2026-04-21 16:03:12] prep04_ica: sub-003 | sub-003_ses-01_task-classical_eeg | rank-safe PCA: nbchan=65 rank(forica)=64 interpolated_count(preica)=7 => pca_rank=64
[2026-04-21 16:03:12] prep04_ica: sub-003 | sub-003_ses-01_task-classical_eeg | AMICA tmp dir: C:\Users\bbf7366\AppData\Local\Temp\amica_tmp_sub-003_sub-003_ses-01_task-classical_eeg_tp6882f4a9_9377_44d4_b974_654aee80bb75
[2026-04-21 16:33:01] prep04_ica: sub-003 | sub-003_ses-01_task-classical_eeg | deleted AMICA tmp dir: C:\Users\bbf7366\AppData\Local\Temp\amica_tmp_sub-003_sub-003_ses-01_task-classical_eeg_tp6882f4a9_9377_44d4_b974_654aee80bb75
[2026-04-21 16:33:01] Saved set: Z:\pb\KPP_KPN_joined\Aperiodic\Saskia\derivatives\04_after_ica_amica\sub-003\sub-003_ses-01_task-classical_eeg_ica_applied.set
[2026-04-21 16:33:01] prep04_ica: saved: Z:\pb\KPP_KPN_joined\Aperiodic\Saskia\derivatives\04_after_ica_amica\sub-003\sub-003_ses-01_task-classical_eeg_ica_applied.set
[2026-04-21 16:33:01] Step 04: ICA runtime: 29.85 min
[2026-04-21 16:33:01] Clearing step folder before rerun: Z:\pb\KPP_KPN_joined\Aperiodic\Saskia\derivatives\05_until_epoching_amica\sub-003
[2026-04-21 16:33:02] Step 05: IC rejection (ICLabel)
[2026-04-21 16:33:02] prep05_after_ica: sub-003 | sub-003_ses-01_task-classical_eeg | no outputs present
[2026-04-21 16:33:02] Loaded set: Z:\pb\KPP_KPN_joined\Aperiodic\Saskia\derivatives\04_after_ica_amica\sub-003\sub-003_ses-01_task-classical_eeg_ica_applied.set
[2026-04-21 16:33:05] prep05_after_ica: sub-003 | sub-003_ses-01_task-classical_eeg | method=amica | nIC=64 | remove=16 | edge=13
[2026-04-21 16:33:57] prep05_after_ica: sub-003 | sub-003_ses-01_task-classical_eeg | ICA dims before subcomp: nbchan=65, icachansind=65, icaweights=[64 64], icawinv=[65 64]
[2026-04-21 16:33:57] prep05_after_ica: sub-003 | sub-003_ses-01_task-classical_eeg | suspicious channels before subcomp: IO2
[2026-04-21 16:33:58] Saved set: Z:\pb\KPP_KPN_joined\Aperiodic\Saskia\derivatives\05_until_epoching_amica\sub-003\sub-003_ses-01_task-classical_eeg_until_epoching.set
[2026-04-21 16:33:58] prep05_after_ica: saved: Z:\pb\KPP_KPN_joined\Aperiodic\Saskia\derivatives\05_until_epoching_amica\sub-003\sub-003_ses-01_task-classical_eeg_until_epoching.set
[2026-04-21 16:33:58] Step 05: IC rejection (ICLabel) runtime: 0.93 min
[2026-04-21 16:33:58] Clearing step folder before rerun: Z:\pb\KPP_KPN_joined\Aperiodic\Saskia\derivatives\06_epoched_amica\sub-003
[2026-04-21 16:33:58] Step 06: epoching + final rejection
[2026-04-21 16:33:58] Loaded set: Z:\pb\KPP_KPN_joined\Aperiodic\Saskia\derivatives\05_until_epoching_amica\sub-003\sub-003_ses-01_task-classical_eeg_until_epoching.set
[2026-04-21 16:33:58] prep_06_epoching: sub-003 | sub-003_ses-01_task-classical_eeg | no outputs present
[2026-04-21 16:35:11] Step 06: epoching + final rejection runtime: 1.22 min
[2026-04-21 16:35:33] ERROR: prep_06_epoching failed for sub-003: prep_06_epoching: pop_epoch(): empty epoch range (no epochs were found).
[2026-04-21 16:36:11] Error using eeg_pipeline_helpers>run_step_with_logging_impl (line 937)
prep_06_epoching failed for sub-003: prep_06_epoching: pop_epoch(): empty epoch range (no epochs were found).

Error in eeg_pipeline_helpers>run_one_subject_impl (line 894)
    run_step_with_logging_impl( ...
    ^^^^^^^^^^^^^^^^^^^^^^^^^^^^^^^
Error in run_eeg_pipeline (line 360)
        status(i) = helpers.run_one_subject(subject_plans(i), cfg);
                    ^^^^^^^^^^^^^^^^^^^^^^^^^^^^^^^^^^^^^^^^^^^^^^
